// Vitest Snapshot v1, https://vitest.dev/guide/snapshot.html

exports[`members > should match snapshot 1`] = `
{
  "CacheStore": [Function],
  "DataStatus": {
    "0": "Absent",
    "1": "Stale",
    "2": "Valid",
    "Absent": 0,
    "Stale": 1,
    "Valid": 2,
  },
  "Fetch": [Function],
  "FetchConfigProvider": [Function],
  "IndexedDBStore": [Function],
  "MemoryStore": [Function],
  "StorageStore": [Function],
  "useFetch": [Function],
  "useFetchConfig": [Function],
}
`;
